file testdata/valid/earlier-types.intercall (327 bytes)
comment [0,168) " Every named type reference names only an earlier declaration, including\n   transitively and inside lists, records, parameters, returns, and\n   exception payloads. "
decl 0 type-decl [169,182)
  kw type [169,173)
  name "a" [174,175)
  prim uint8 [176,181)
  semi [181,182)
decl 1 type-decl [183,192)
  kw type [183,187)
  name "b" [188,189)
  named [190,191)
    name "a" [190,191)
  semi [191,192)
decl 2 type-decl [193,202)
  kw type [193,197)
  name "c" [198,199)
  named [200,201)
    name "b" [200,201)
  semi [201,202)
decl 3 type-decl [203,217)
  kw type [203,207)
  name "d" [208,209)
  list [210,216)
    kw list [210,214)
    named [215,216)
      name "b" [215,216)
  semi [216,217)
decl 4 type-decl [218,259)
  kw type [218,222)
  name "e" [223,224)
  record [225,258)
    kw record [225,231)
    lbrace [232,233)
      field 0 [238,242)
        name "f" [238,239)
        named [240,241)
          name "c" [240,241)
        semi [241,242)
      field 1 [247,256)
        name "g" [247,248)
        list [249,255)
          kw list [249,253)
          named [254,255)
            name "d" [254,255)
        semi [255,256)
    rbrace [257,258)
  semi [258,259)
decl 5 procedure-decl [260,292)
  kw procedure [260,269)
  name "p" [270,271)
  lbrace [272,273)
  param 0 [278,282)
    name "x" [278,279)
    named [280,281)
      name "e" [280,281)
    semi [281,282)
  rbrace [283,284)
  list [285,291)
    kw list [285,289)
    named [290,291)
      name "c" [290,291)
  semi [291,292)
decl 6 exception-decl [293,326)
  kw exception [293,302)
  name "ex" [303,305)
  record [306,325)
    kw record [306,312)
    lbrace [313,314)
      field 0 [319,323)
        name "f" [319,320)
        named [321,322)
          name "d" [321,322)
        semi [322,323)
    rbrace [324,325)
  semi [325,326)
