file testdata/valid/keyword-boundaries.intercall (156 bytes)
decl 0 type-decl [0,20)
  kw type [0,4)
  name "listlist" [5,13)
  prim uint8 [14,19)
  semi [19,20)
decl 1 type-decl [21,46)
  kw type [21,25)
  name "Procedure" [26,35)
  record [36,45)
    kw record [36,42)
    lbrace [43,44)
    rbrace [44,45)
  semi [45,46)
decl 2 type-decl [47,65)
  kw type [47,51)
  name "int8x" [52,57)
  prim string [58,64)
  semi [64,65)
decl 3 type-decl [66,98)
  kw type [66,70)
  name "record_" [71,78)
  list [79,97)
    kw list [79,83)
    named [84,97)
      name "record_record" [84,97)
  semi [97,98)
decl 4 type-decl [99,116)
  kw type [99,103)
  name "_type" [104,109)
  prim bytes [110,115)
  semi [115,116)
decl 5 procedure-decl [117,155)
  kw procedure [117,126)
  name "Procedure_" [127,137)
  lbrace [138,139)
  param 0 [140,152)
    name "listx" [140,145)
    prim uint8 [146,151)
    semi [151,152)
  rbrace [153,154)
  semi [154,155)
