file testdata/valid/keyword-boundaries.intercall (182 bytes)
decl 0 type-decl [0,20)
  kw type [0,4)
  name "listlist" [5,13)
  prim uint8 [14,19)
  semi [19,20)
decl 1 type-decl [21,46)
  kw type [21,25)
  name "Procedure" [26,35)
  record [36,45)
    kw record [36,42)
    lbrace [43,44)
    rbrace [44,45)
  semi [45,46)
decl 2 type-decl [47,65)
  kw type [47,51)
  name "int8x" [52,57)
  prim string [58,64)
  semi [64,65)
decl 3 type-decl [66,91)
  kw type [66,70)
  name "record_record" [71,84)
  prim uint8 [85,90)
  semi [90,91)
decl 4 type-decl [92,124)
  kw type [92,96)
  name "record_" [97,104)
  list [105,123)
    kw list [105,109)
    named [110,123)
      name "record_record" [110,123)
  semi [123,124)
decl 5 type-decl [125,142)
  kw type [125,129)
  name "_type" [130,135)
  prim bytes [136,141)
  semi [141,142)
decl 6 procedure-decl [143,181)
  kw procedure [143,152)
  name "Procedure_" [153,163)
  lbrace [164,165)
  param 0 [166,178)
    name "listx" [166,171)
    prim uint8 [172,177)
    semi [177,178)
  rbrace [179,180)
  semi [180,181)
