file testdata/valid/crlf.intercall (78 bytes)
decl 0 type-decl [0,56)
  kw type [0,4)
  name "user" [5,9)
  record [10,55)
    kw record [10,16)
    lbrace [17,18)
      field 0 [24,36)
        name "name" [24,28)
        prim string [29,35)
        semi [35,36)
      field 1 [42,52)
        name "sex" [42,45)
        prim uint8 [46,51)
        semi [51,52)
    rbrace [54,55)
  semi [55,56)
decl 1 procedure-decl [58,76)
  kw procedure [58,67)
  name "ping" [68,72)
  lbrace [73,74)
  rbrace [74,75)
  semi [75,76)
