file testdata/valid/kitchen-sink.intercall (642 bytes)
comment [0,35) " A user returned by this peer. "
comment [91,149) " An implementation-defined failure without a payload. "
comment [170,215) " Another implementation-defined failure. "
comment [250,289) " The procedures known to the peer. "
comment [353,380) " Finds a user by name. "
comment [406,429) " The name to find. "
comment [449,473) " The matching user. "
comment [481,523) " Draws an image and returns no value. "
decl 0 type-decl [36,89)
  kw type [36,40)
  name "user" [41,45)
  record [46,88)
    kw record [46,52)
    lbrace [53,54)
      field 0 [59,71)
        name "name" [59,63)
        prim string [64,70)
        semi [70,71)
      field 1 [76,86)
        name "sex" [76,79)
        prim uint8 [80,85)
        semi [85,86)
    rbrace [87,88)
  semi [88,89)
decl 1 exception-decl [150,168)
  kw exception [150,159)
  name "unknown" [160,167)
  semi [167,168)
decl 2 exception-decl [216,351)
  kw exception [216,225)
  name "procedure_not_found" [226,245)
  record [294,350)
    kw record [294,300)
    lbrace [301,302)
      field 0 [311,344)
        name "available_procedures" [311,331)
        list [332,343)
          kw list [332,336)
          prim string [337,343)
        semi [343,344)
    rbrace [349,350)
  semi [350,351)
decl 3 procedure-decl [381,479)
  kw procedure [381,390)
  name "get_user" [391,399)
  lbrace [400,401)
  param 0 [434,446)
    name "name" [434,438)
    prim string [439,445)
    semi [445,446)
  rbrace [447,448)
  named [474,478)
    name "user" [474,478)
  semi [478,479)
decl 4 procedure-decl [524,641)
  kw procedure [524,533)
  name "draw_image" [534,544)
  lbrace [545,546)
  param 0 [551,638)
    name "colors" [551,557)
    list [558,637)
      kw list [558,562)
      record [563,637)
        kw record [563,569)
        lbrace [570,571)
          field 0 [580,590)
            name "red" [580,583)
            prim uint8 [584,589)
            semi [589,590)
          field 1 [599,611)
            name "green" [599,604)
            prim uint8 [605,610)
            semi [610,611)
          field 2 [620,631)
            name "blue" [620,624)
            prim uint8 [625,630)
            semi [630,631)
        rbrace [636,637)
    semi [637,638)
  rbrace [639,640)
  semi [640,641)
