file testdata/valid/local-global-scopes.intercall (440 bytes)
comment [0,120) " Local names may equal global names; each procedure parameter list and\n   each record has its own local name scope. "
decl 0 type-decl [121,174)
  kw type [121,125)
  name "user" [126,130)
  record [131,173)
    kw record [131,137)
    lbrace [138,139)
      field 0 [144,156)
        name "name" [144,148)
        prim string [149,155)
        semi [155,156)
      field 1 [161,171)
        name "age" [161,164)
        prim uint8 [165,170)
        semi [170,171)
    rbrace [172,173)
  semi [173,174)
decl 1 type-decl [175,212)
  kw type [175,179)
  name "age" [180,183)
  record [184,211)
    kw record [184,190)
    lbrace [191,192)
      field 0 [197,209)
        name "value" [197,202)
        prim uint8 [203,208)
        semi [208,209)
    rbrace [210,211)
  semi [211,212)
decl 2 procedure-decl [213,300)
  kw procedure [213,222)
  name "get_user" [223,231)
  lbrace [232,233)
  param 0 [238,277)
    name "user" [238,242)
    record [243,276)
      kw record [243,249)
      lbrace [250,251)
        field 0 [260,270)
          name "id" [260,262)
          prim uint64 [263,269)
          semi [269,270)
      rbrace [275,276)
    semi [276,277)
  param 1 [282,292)
    name "age" [282,285)
    prim uint8 [286,291)
    semi [291,292)
  rbrace [293,294)
  named [295,299)
    name "user" [295,299)
  semi [299,300)
decl 3 procedure-decl [301,336)
  kw procedure [301,310)
  name "find" [311,315)
  lbrace [316,317)
  param 0 [322,333)
    name "user" [322,326)
    prim uint8 [327,332)
    semi [332,333)
  rbrace [334,335)
  semi [335,336)
decl 4 type-decl [337,439)
  kw type [337,341)
  name "t" [342,343)
  record [344,438)
    kw record [344,350)
    lbrace [351,352)
      field 0 [357,391)
        name "f" [357,358)
        record [359,390)
          kw record [359,365)
          lbrace [366,367)
            field 0 [376,384)
              name "f" [376,377)
              prim uint8 [378,383)
              semi [383,384)
          rbrace [389,390)
        semi [390,391)
      field 1 [396,436)
        name "g" [396,397)
        list [398,435)
          kw list [398,402)
          record [403,435)
            kw record [403,409)
            lbrace [410,411)
              field 0 [420,429)
                name "f" [420,421)
                prim string [422,428)
                semi [428,429)
            rbrace [434,435)
        semi [435,436)
    rbrace [437,438)
  semi [438,439)
