file testdata/valid/nested-record-scopes.intercall (376 bytes)
comment [0,145) " Nested records each own a fresh local scope: the same field name may\n   appear in sibling and nested records and inside exception payloads. "
decl 0 type-decl [146,312)
  kw type [146,150)
  name "t" [151,152)
  record [153,311)
    kw record [153,159)
    lbrace [160,161)
      field 0 [166,174)
        name "x" [166,167)
        prim uint8 [168,173)
        semi [173,174)
      field 1 [179,265)
        name "r" [179,180)
        record [181,264)
          kw record [181,187)
          lbrace [188,189)
            field 0 [198,206)
              name "x" [198,199)
              prim uint8 [200,205)
              semi [205,206)
            field 1 [215,258)
              name "s" [215,216)
              record [217,257)
                kw record [217,223)
                lbrace [224,225)
                  field 0 [238,247)
                    name "x" [238,239)
                    prim string [240,246)
                    semi [246,247)
                rbrace [256,257)
              semi [257,258)
          rbrace [263,264)
        semi [264,265)
      field 2 [270,309)
        name "q" [270,271)
        record [272,308)
          kw record [272,278)
          lbrace [279,280)
            field 0 [289,302)
              name "x" [289,290)
              list [291,301)
                kw list [291,295)
                prim uint8 [296,301)
              semi [301,302)
          rbrace [307,308)
        semi [308,309)
    rbrace [310,311)
  semi [311,312)
decl 1 exception-decl [313,375)
  kw exception [313,322)
  name "e" [323,324)
  record [325,374)
    kw record [325,331)
    lbrace [332,333)
      field 0 [338,372)
        name "x" [338,339)
        record [340,371)
          kw record [340,346)
          lbrace [347,348)
            field 0 [357,365)
              name "x" [357,358)
              prim uint8 [359,364)
              semi [364,365)
          rbrace [370,371)
        semi [371,372)
    rbrace [373,374)
  semi [374,375)
